// Jest Snapshot v1, https://goo.gl/fbAQLP

exports[`should match snapshot 1`] = `
<DocumentFragment>
  <div
    class="Boxlist"
  >
    <form>
      <label
        for="height"
      >
        Box Height
      </label>
      <input
        id="height"
        name="height"
        type="text"
        value=""
      />
      <label
        for="width"
      >
        Box Width
      </label>
      <input
        id="width"
        name="width"
        type="text"
        value=""
      />
      <label
        for="backgroundColor"
      >
        Box Color
      </label>
      <input
        id="backgroundColor"
        name="backgroundColor"
        type="text"
        value=""
      />
      <button>
        Add Box
      </button>
    </form>
  </div>
</DocumentFragment>
`;
